[INFO] Scanning for projects...
[INFO] 
[INFO] --------------------------< com.bilal:store >---------------------------
[INFO] Building store 0.0.1-SNAPSHOT
[INFO]   from pom.xml
[INFO] --------------------------------[ jar ]---------------------------------
[INFO] 
[INFO] >>> spring-boot:4.1.1:run (default-cli) > test-compile @ store >>>
[INFO] 
[INFO] --- resources:3.5.0:resources (default-resources) @ store ---
[INFO] Copying 1 resource from src/main/resources to target/classes
[INFO] Copying 2 resources from src/main/resources to target/classes
[INFO] 
[INFO] --- compiler:3.15.0:compile (default-compile) @ store ---
[INFO] Nothing to compile - all classes are up to date.
[INFO] 
[INFO] --- resources:3.5.0:testResources (default-testResources) @ store ---
[INFO] skip non existing resourceDirectory /Users/muhammadbilal/Downloads/store/src/test/resources
[INFO] 
[INFO] --- compiler:3.15.0:testCompile (default-testCompile) @ store ---
[INFO] Nothing to compile - all classes are up to date.
[INFO] 
[INFO] <<< spring-boot:4.1.1:run (default-cli) < test-compile @ store <<<
[INFO] 
[INFO] 
[INFO] --- spring-boot:4.1.1:run (default-cli) @ store ---
[INFO] Attaching agents: []

  .   ____          _            __ _ _
 /\\ / ___'_ __ _ _(_)_ __  __ _ \ \ \ \
( ( )\___ | '_ | '_| | '_ \/ _` | \ \ \ \
 \\/  ___)| |_)| | | | | || (_| |  ) ) ) )
  '  |____| .__|_| |_|_| |_\__, | / / / /
 =========|_|==============|___/=/_/_/_/

 :: Spring Boot ::                (v4.1.1)

2026-08-28T04:37:17.323+04:00  INFO 66964 --- [store] [  restartedMain] com.bilal.store.StoreApplication         : Starting StoreApplication using Java 26.0.1 with PID 66964 (/Users/muhammadbilal/Downloads/store/target/classes started by muhammadbilal in /Users/muhammadbilal/Downloads/store)
2026-08-28T04:37:17.324+04:00  INFO 66964 --- [store] [  restartedMain] com.bilal.store.StoreApplication         : No active profile set, falling back to 1 default profile: "default"
2026-08-28T04:37:17.348+04:00  INFO 66964 --- [store] [  restartedMain] .e.DevToolsPropertyDefaultsPostProcessor : Devtools property defaults active! Set 'spring.devtools.add-properties' to 'false' to disable
2026-08-28T04:37:17.348+04:00  INFO 66964 --- [store] [  restartedMain] .e.DevToolsPropertyDefaultsPostProcessor : For additional web related logging consider setting the 'logging.level.web' property to 'DEBUG'
2026-08-28T04:37:17.562+04:00  INFO 66964 --- [store] [  restartedMain] .s.d.r.c.RepositoryConfigurationDelegate : Bootstrapping Spring Data JPA repositories in DEFAULT mode.
2026-08-28T04:37:17.572+04:00  INFO 66964 --- [store] [  restartedMain] .s.d.r.c.RepositoryConfigurationDelegate : Finished Spring Data repository scanning in 6 ms. Found 0 JPA repository interfaces.
2026-08-28T04:37:17.740+04:00  INFO 66964 --- [store] [  restartedMain] o.s.boot.tomcat.TomcatWebServer          : Tomcat initialized with port 8080 (http)
2026-08-28T04:37:17.746+04:00  INFO 66964 --- [store] [  restartedMain] o.apache.catalina.core.StandardService   : Starting service [Tomcat]
2026-08-28T04:37:17.746+04:00  INFO 66964 --- [store] [  restartedMain] o.apache.catalina.core.StandardEngine    : Starting Servlet engine: [Apache Tomcat/11.0.24]
2026-08-28T04:37:17.760+04:00  INFO 66964 --- [store] [  restartedMain] b.w.c.s.WebApplicationContextInitializer : Root WebApplicationContext: initialization completed in 412 ms
2026-08-28T04:37:17.813+04:00  INFO 66964 --- [store] [  restartedMain] com.zaxxer.hikari.HikariDataSource       : HikariPool-1 - Starting...
2026-08-28T04:37:17.972+04:00  INFO 66964 --- [store] [  restartedMain] com.zaxxer.hikari.pool.HikariPool        : HikariPool-1 - Added connection com.mysql.cj.jdbc.ConnectionImpl@252d1f4b
2026-08-28T04:37:17.973+04:00  INFO 66964 --- [store] [  restartedMain] com.zaxxer.hikari.HikariDataSource       : HikariPool-1 - Start completed.
2026-08-28T04:37:17.985+04:00  INFO 66964 --- [store] [  restartedMain] org.hibernate.orm.jpa                    : HHH008540: Processing PersistenceUnitInfo [name: default]
2026-08-28T04:37:18.009+04:00  INFO 66964 --- [store] [  restartedMain] org.hibernate.orm.core                   : HHH000001: Hibernate ORM core version 7.4.5.Final
2026-08-28T04:37:18.134+04:00  INFO 66964 --- [store] [  restartedMain] o.s.o.j.p.SpringPersistenceUnitInfo      : No LoadTimeWeaver setup: ignoring JPA class transformer
2026-08-28T04:37:18.184+04:00  INFO 66964 --- [store] [  restartedMain] org.hibernate.orm.connections.pooling    : HHH10001005: Database info:
	Database JDBC URL [jdbc:mysql://127.0.0.1:3306/store?createDatabaseIfNotExist=true]
	Database driver: MySQL Connector/J
	Database dialect: MySQLDialect
	Database version: 26.7
	Default catalog/schema: store/undefined
	Autocommit mode: undefined/unknown
	Isolation level: REPEATABLE_READ [default REPEATABLE_READ]
	JDBC fetch size: none
	Pool: DataSourceConnectionProvider
	Minimum pool size: undefined/unknown
	Maximum pool size: undefined/unknown
2026-08-28T04:37:18.325+04:00  INFO 66964 --- [store] [  restartedMain] org.hibernate.orm.core                   : HHH000489: No JTA platform available (set 'hibernate.transaction.jta.platform' to enable JTA platform integration)
2026-08-28T04:37:18.328+04:00  INFO 66964 --- [store] [  restartedMain] j.LocalContainerEntityManagerFactoryBean : Initialized JPA EntityManagerFactory for persistence unit 'default'
Order service post construct
2026-08-28T04:37:18.355+04:00  WARN 66964 --- [store] [  restartedMain] JpaBaseConfiguration$JpaWebConfiguration : spring.jpa.open-in-view is enabled by default. Therefore, database queries may be performed during view rendering. Explicitly configure spring.jpa.open-in-view to disable this warning
2026-08-28T04:37:18.366+04:00  INFO 66964 --- [store] [  restartedMain] o.s.b.w.a.WelcomePageHandlerMapping      : Adding welcome page: class path resource [static/index.html]
2026-08-28T04:37:18.479+04:00  INFO 66964 --- [store] [  restartedMain] o.s.boot.tomcat.TomcatWebServer          : Tomcat started on port 8080 (http) with context path '/'
2026-08-28T04:37:18.481+04:00  INFO 66964 --- [store] [  restartedMain] com.bilal.store.StoreApplication         : Started StoreApplication in 1.312 seconds (process running for 1.475)
2026-08-28T05:57:40.685+04:00  WARN 66964 --- [store] [l-1:housekeeper] com.zaxxer.hikari.pool.HikariPool        : HikariPool-1 - Thread starvation or clock leap detected (housekeeper delta=43m22s150ms).
2026-08-28T07:00:12.483+04:00  WARN 66964 --- [store] [l-1:housekeeper] com.zaxxer.hikari.pool.HikariPool        : HikariPool-1 - Thread starvation or clock leap detected (housekeeper delta=1h2m1s786ms).
2026-08-28T07:15:40.515+04:00  WARN 66964 --- [store] [l-1:housekeeper] com.zaxxer.hikari.pool.HikariPool        : HikariPool-1 - Thread starvation or clock leap detected (housekeeper delta=14m58s19ms).
2026-08-28T07:48:54.123+04:00  WARN 66964 --- [store] [l-1:housekeeper] com.zaxxer.hikari.pool.HikariPool        : HikariPool-1 - Thread starvation or clock leap detected (housekeeper delta=33m13s608ms).
2026-08-28T08:16:37.516+04:00  WARN 66964 --- [store] [l-1:housekeeper] com.zaxxer.hikari.pool.HikariPool        : HikariPool-1 - Thread starvation or clock leap detected (housekeeper delta=27m43s393ms).
2026-08-28T08:34:34.449+04:00  WARN 66964 --- [store] [l-1:housekeeper] com.zaxxer.hikari.pool.HikariPool        : HikariPool-1 - Thread starvation or clock leap detected (housekeeper delta=17m56s934ms).
2026-08-28T09:17:34.373+04:00  WARN 66964 --- [store] [l-1:housekeeper] com.zaxxer.hikari.pool.HikariPool        : HikariPool-1 - Thread starvation or clock leap detected (housekeeper delta=42m59s923ms).
2026-08-28T09:34:29.603+04:00  WARN 66964 --- [store] [l-1:housekeeper] com.zaxxer.hikari.pool.HikariPool        : HikariPool-1 - Thread starvation or clock leap detected (housekeeper delta=16m55s230ms).
2026-08-28T10:18:30.587+04:00  WARN 66964 --- [store] [l-1:housekeeper] com.zaxxer.hikari.pool.HikariPool        : HikariPool-1 - Thread starvation or clock leap detected (housekeeper delta=44m984ms).
2026-08-28T10:28:30.587+04:00  WARN 66964 --- [store] [l-1:housekeeper] com.zaxxer.hikari.pool.HikariPool        : HikariPool-1 - Thread starvation or clock leap detected (housekeeper delta=9m29s989ms).
2026-08-28T10:29:55.381+04:00  WARN 66964 --- [store] [l-1:housekeeper] com.zaxxer.hikari.pool.HikariPool        : HikariPool-1 - Thread starvation or clock leap detected (housekeeper delta=1m24s795ms).
2026-08-28T10:45:50.088+04:00  WARN 66964 --- [store] [l-1:housekeeper] com.zaxxer.hikari.pool.HikariPool        : HikariPool-1 - Thread starvation or clock leap detected (housekeeper delta=15m24s694ms).
2026-08-28T10:47:24.058+04:00  WARN 66964 --- [store] [l-1:housekeeper] com.zaxxer.hikari.pool.HikariPool        : HikariPool-1 - Thread starvation or clock leap detected (housekeeper delta=1m33s970ms).
2026-08-28T11:05:01.604+04:00  WARN 66964 --- [store] [l-1:housekeeper] com.zaxxer.hikari.pool.HikariPool        : HikariPool-1 - Thread starvation or clock leap detected (housekeeper delta=16m36s970ms).
2026-08-28T11:19:43.289+04:00  WARN 66964 --- [store] [l-1:housekeeper] com.zaxxer.hikari.pool.HikariPool        : HikariPool-1 - Thread starvation or clock leap detected (housekeeper delta=14m41s686ms).
2026-08-28T11:50:28.258+04:00  WARN 66964 --- [store] [l-1:housekeeper] com.zaxxer.hikari.pool.HikariPool        : HikariPool-1 - Thread starvation or clock leap detected (housekeeper delta=30m44s968ms).
2026-08-28T12:20:28.856+04:00  WARN 66964 --- [store] [l-1:housekeeper] com.zaxxer.hikari.pool.HikariPool        : HikariPool-1 - Thread starvation or clock leap detected (housekeeper delta=29m30s586ms).
2026-08-28T13:21:26.366+04:00  WARN 66964 --- [store] [l-1:housekeeper] com.zaxxer.hikari.pool.HikariPool        : HikariPool-1 - Thread starvation or clock leap detected (housekeeper delta=1h27s493ms).
2026-08-28T14:22:23.855+04:00  WARN 66964 --- [store] [l-1:housekeeper] com.zaxxer.hikari.pool.HikariPool        : HikariPool-1 - Thread starvation or clock leap detected (housekeeper delta=1h27s481ms).
2026-08-28T15:23:16.221+04:00  WARN 66964 --- [store] [l-1:housekeeper] com.zaxxer.hikari.pool.HikariPool        : HikariPool-1 - Thread starvation or clock leap detected (housekeeper delta=1h22s354ms).
2026-08-28T15:35:32.218+04:00  WARN 66964 --- [store] [l-1:housekeeper] com.zaxxer.hikari.pool.HikariPool        : HikariPool-1 - Thread starvation or clock leap detected (housekeeper delta=11m45s981ms).
2026-08-28T16:13:40.377+04:00  WARN 66964 --- [store] [l-1:housekeeper] com.zaxxer.hikari.pool.HikariPool        : HikariPool-1 - Thread starvation or clock leap detected (housekeeper delta=18m7s751ms).
2026-08-28T16:17:35.550+04:00  WARN 66964 --- [store] [l-1:housekeeper] com.zaxxer.hikari.pool.HikariPool        : HikariPool-1 - Thread starvation or clock leap detected (housekeeper delta=3m55s174ms).
2026-08-28T16:19:32.044+04:00  WARN 66964 --- [store] [l-1:housekeeper] com.zaxxer.hikari.pool.HikariPool        : HikariPool-1 - Thread starvation or clock leap detected (housekeeper delta=1m56s493ms).
2026-08-28T16:24:33.484+04:00  WARN 66964 --- [store] [l-1:housekeeper] com.zaxxer.hikari.pool.HikariPool        : HikariPool-1 - Thread starvation or clock leap detected (housekeeper delta=4m31s423ms).
2026-08-28T16:41:40.521+04:00  WARN 66964 --- [store] [l-1:housekeeper] com.zaxxer.hikari.pool.HikariPool        : HikariPool-1 - Thread starvation or clock leap detected (housekeeper delta=17m7s38ms).
2026-08-28T16:42:52.842+04:00  WARN 66964 --- [store] [l-1:housekeeper] com.zaxxer.hikari.pool.HikariPool        : HikariPool-1 - Thread starvation or clock leap detected (housekeeper delta=1m12s321ms).
2026-08-28T17:18:07.125+04:00  WARN 66964 --- [store] [l-1:housekeeper] com.zaxxer.hikari.pool.HikariPool        : HikariPool-1 - Thread starvation or clock leap detected (housekeeper delta=35m14s283ms).
2026-08-28T17:25:43.916+04:00  WARN 66964 --- [store] [l-1:housekeeper] com.zaxxer.hikari.pool.HikariPool        : HikariPool-1 - Thread starvation or clock leap detected (housekeeper delta=7m36s791ms).
2026-08-28T18:16:06.604+04:00  WARN 66964 --- [store] [l-1:housekeeper] com.zaxxer.hikari.pool.HikariPool        : HikariPool-1 - Thread starvation or clock leap detected (housekeeper delta=50m22s687ms).
2026-08-28T18:26:41.250+04:00  WARN 66964 --- [store] [l-1:housekeeper] com.zaxxer.hikari.pool.HikariPool        : HikariPool-1 - Thread starvation or clock leap detected (housekeeper delta=10m34s647ms).
2026-08-28T18:41:11.354+04:00  WARN 66964 --- [store] [l-1:housekeeper] com.zaxxer.hikari.pool.HikariPool        : HikariPool-1 - Thread starvation or clock leap detected (housekeeper delta=14m30s104ms).
2026-08-28T19:27:27.079+04:00  WARN 66964 --- [store] [l-1:housekeeper] com.zaxxer.hikari.pool.HikariPool        : HikariPool-1 - Thread starvation or clock leap detected (housekeeper delta=45m45s717ms).
2026-08-28T20:02:50.661+04:00  WARN 66964 --- [store] [l-1:housekeeper] com.zaxxer.hikari.pool.HikariPool        : HikariPool-1 - Thread starvation or clock leap detected (housekeeper delta=34m53s577ms).
2026-08-28T20:28:29.960+04:00  WARN 66964 --- [store] [l-1:housekeeper] com.zaxxer.hikari.pool.HikariPool        : HikariPool-1 - Thread starvation or clock leap detected (housekeeper delta=11m52s146ms).
2026-08-28T21:29:27.520+04:00  WARN 66964 --- [store] [l-1:housekeeper] com.zaxxer.hikari.pool.HikariPool        : HikariPool-1 - Thread starvation or clock leap detected (housekeeper delta=1h27s552ms).
2026-08-28T22:30:25.019+04:00  WARN 66964 --- [store] [l-1:housekeeper] com.zaxxer.hikari.pool.HikariPool        : HikariPool-1 - Thread starvation or clock leap detected (housekeeper delta=1h27s489ms).
2026-08-28T22:49:12.831+04:00  WARN 66964 --- [store] [l-1:housekeeper] com.zaxxer.hikari.pool.HikariPool        : HikariPool-1 - Thread starvation or clock leap detected (housekeeper delta=18m17s803ms).
2026-08-28T23:31:28.243+04:00  WARN 66964 --- [store] [l-1:housekeeper] com.zaxxer.hikari.pool.HikariPool        : HikariPool-1 - Thread starvation or clock leap detected (housekeeper delta=38m19s655ms).
2026-08-28T23:54:06.347+04:00  INFO 66964 --- [store] [ionShutdownHook] o.s.boot.tomcat.GracefulShutdown         : Commencing graceful shutdown. Waiting for active requests to complete
2026-08-28T23:54:06.389+04:00  INFO 66964 --- [store] [tomcat-shutdown] o.s.boot.tomcat.GracefulShutdown         : Graceful shutdown complete
Order Service Pre Destroy
2026-08-28T23:54:06.441+04:00  INFO 66964 --- [store] [ionShutdownHook] j.LocalContainerEntityManagerFactoryBean : Closing JPA EntityManagerFactory for persistence unit 'default'
2026-08-28T23:54:06.488+04:00  INFO 66964 --- [store] [ionShutdownHook] com.zaxxer.hikari.HikariDataSource       : HikariPool-1 - Shutdown initiated...
2026-08-28T23:54:06.498+04:00  INFO 66964 --- [store] [ionShutdownHook] com.zaxxer.hikari.HikariDataSource       : HikariPool-1 - Shutdown completed.
